// Jest Snapshot v1, https://goo.gl/fbAQLP

exports[`app/App should render successfully 1`] = `
<div
  className="app"
>
  <Switch>
    <Switch>
      <Route
        key="0"
        path="/search/:query?"
        render={[Function]}
      />
      <Route
        key="1"
        path="/film/:id/:title?"
        render={[Function]}
      />
      <Route
        exact={true}
        key="2"
        path="/"
        render={[Function]}
      />
    </Switch>
  </Switch>
</div>
`;
