// Jest Snapshot v1, https://goo.gl/fbAQLP

exports[`Search unconnected component should render successfully 1`] = `
<div
  className="app__container"
>
  <SearchHeader
    onQueryChange={[Function]}
    onSearch={[Function]}
    onSearchByChange={[Function]}
    query="QUERY"
    searchBy="director"
    searchByParams={
      Array [
        "title",
        "director",
      ]
    }
  />
  <Result
    film={null}
    onSortByChange={[Function]}
    results={
      Array [
        Object {
          "id": 1,
          "title": "TITLE1",
        },
        Object {
          "id": 2,
          "title": "TITLE2",
        },
        Object {
          "id": 3,
          "title": "TITLE3",
        },
      ]
    }
    sortBy="rating"
    sortByParams={
      Array [
        "release date",
        "rating",
      ]
    }
  />
  <List
    film={Object {}}
    isLoading={false}
    onSelectFilm={[Function]}
    results={
      Array [
        Object {
          "id": 1,
          "title": "TITLE1",
        },
        Object {
          "id": 2,
          "title": "TITLE2",
        },
        Object {
          "id": 3,
          "title": "TITLE3",
        },
      ]
    }
  />
  <Footer />
</div>
`;
